// Jest Snapshot v1, https://goo.gl/fbAQLP

exports[`Geological Exploration рендерится без ошибок 1`] = `
<div
  className="GeologicalExploration"
>
  <div
    className={
      Object {
        "has": [Function],
        "is": [Function],
        "mix": [Function],
        "split": [Function],
        "state": [Function],
        "toString": [Function],
      }
    }
    role="tree"
  >
    <div
      aria-label="trees"
      className="VegaSplitPanes__Pane"
      role="treeitem"
      style={
        Object {
          "flexGrow": 0,
          "maxWidth": "260px",
          "minWidth": "24px",
          "width": "260px",
        }
      }
    >
      <div
        className={
          Object {
            "has": [Function],
            "is": [Function],
            "mix": [Function],
            "split": [Function],
            "state": [Function],
            "toString": [Function],
          }
        }
        role="tree"
      >
        <div
          aria-label="project-structure"
          className="VegaSplitPanes__Pane"
          role="treeitem"
          style={
            Object {
              "flex": "1",
              "maxHeight": "calc(100% - 2px * 1)",
              "minHeight": "50px",
            }
          }
        >
          <div />
        </div>
        <div
          aria-current={false}
          aria-label="Изменить размер"
          className="VegaSplitPanes__Resizer VegaSplitPanes__Resizer_split_horizontal"
          onMouseDown={[Function]}
          role="presentation"
          tabIndex={-1}
        />
        <div
          aria-label="objects-groups"
          className="VegaSplitPanes__Pane"
          role="treeitem"
          style={
            Object {
              "flex": "1",
              "maxHeight": "calc(100% - 2px * 1)",
              "minHeight": "140px",
            }
          }
        >
          <div />
        </div>
      </div>
    </div>
    <div
      aria-current={false}
      aria-label="Изменить размер"
      className="VegaSplitPanes__Resizer VegaSplitPanes__Resizer_split_vertical"
      onMouseDown={[Function]}
      role="presentation"
      tabIndex={-1}
    />
    <div
      aria-label="logic-constructor"
      className="VegaSplitPanes__Pane"
      role="treeitem"
      style={
        Object {
          "flex": "1",
          "maxWidth": "calc(100% - 2px * 1)",
          "minWidth": "0",
        }
      }
    >
      <div />
    </div>
  </div>
</div>
`;
