// Jest Snapshot v1, https://goo.gl/fbAQLP

exports[`Geological Exploration рендерится без ошибок 1`] = `
<div
  className="ObjectsGroupWidget"
>
  <div
    className="ComponentHeader"
  >
    <p>
      Группы объектов
    </p>
  </div>
  <div
    className={
      Object {
        "has": [Function],
        "is": [Function],
        "mix": [Function],
        "split": [Function],
        "state": [Function],
        "toString": [Function],
      }
    }
  >
    <p>
      Для создания группы нажмите на кнопку Добавить группу
    </p>
  </div>
  <div
    className={
      Object {
        "has": [Function],
        "is": [Function],
        "mix": [Function],
        "split": [Function],
        "state": [Function],
        "toString": [Function],
      }
    }
  >
    <button
      className="Button Button_size_l Button_view_ghost Button_width_full Button_form_default Button_withIcon MixFocus"
      onClick={[Function]}
      type="button"
    >
      <span
        className="Icon Icon_size_s IconAdd Button-Icon Button-Icon_position_left"
      >
        <svg
          className="Icon-Svg"
          viewBox="0 0 16 16"
        >
          <path
            d="M9 2H7v5H2v2h5v5h2V9h5V7H9V2z"
          />
        </svg>
      </span>
      <span
        className="Button-Label"
      >
        Добавить группу
      </span>
    </button>
  </div>
</div>
`;
