// Jest Snapshot v1, https://goo.gl/fbAQLP

exports[`Geological Exploration рендерится без ошибок 1`] = `
<div
  className="ProjectStructure"
>
  <div
    className={
      Object {
        "has": [Function],
        "is": [Function],
        "mix": [Function],
        "split": [Function],
        "state": [Function],
        "toString": [Function],
      }
    }
  >
    <p>
      Структура проекта отсутствует
    </p>
  </div>
</div>
`;
